error[E0080]: evaluation of constant value failed
  --> tests/ui/nla-type-overflow-fails.rs:10:16
   |
10 |     #[nla_type(u16::MAX + 1)]
   |                ^^^^^^^^^^^^ attempt to compute `u16::MAX + 1_u16`, which would overflow
