error: proc-macro derive panicked
 --> tests/ui/serializable/multiple-associated-values-fails.rs:1:10
  |
1 | #[derive(nldl::attr::Serialize)]
  |          ^^^^^^^^^^^^^^^^^^^^^
  |
  = help: message: Failed to parse enum variants in NetlinkAttributeSerializable derive: Variant "Flags" contains more than one associated value.
